2025-09-04 07:57:37,530 [INFO] utils.logger:84 - setup_logging(): Logging system initialized
2025-09-04 07:57:37,537 [INFO] __main__:30 - main(): Starting Study Helper Agent...
2025-09-04 07:57:37,538 [INFO] __main__:31 - main(): Environment: development
2025-09-04 07:57:37,538 [INFO] __main__:32 - main(): Debug mode: True
2025-09-04 07:57:40,447 [INFO] sqlalchemy.engine.Engine:1846 - _execute_context(): select pg_catalog.version()
2025-09-04 07:57:40,448 [INFO] sqlalchemy.engine.Engine:1846 - _execute_context(): [raw sql] {}
2025-09-04 07:57:41,058 [INFO] sqlalchemy.engine.Engine:1846 - _execute_context(): select current_schema()
2025-09-04 07:57:41,058 [INFO] sqlalchemy.engine.Engine:1846 - _execute_context(): [raw sql] {}
2025-09-04 07:57:41,678 [INFO] sqlalchemy.engine.Engine:1846 - _execute_context(): show standard_conforming_strings
2025-09-04 07:57:41,678 [INFO] sqlalchemy.engine.Engine:1846 - _execute_context(): [raw sql] {}
2025-09-04 07:57:42,255 [INFO] sqlalchemy.engine.Engine:2702 - _connection_begin_impl(): BEGIN (implicit)
2025-09-04 07:57:42,259 [INFO] sqlalchemy.engine.Engine:1846 - _execute_context(): SELECT pg_catalog.pg_class.relname 
FROM pg_catalog.pg_class JOIN pg_catalog.pg_namespace ON pg_catalog.pg_namespace.oid = pg_catalog.pg_class.relnamespace 
WHERE pg_catalog.pg_class.relname = %(table_name)s AND pg_catalog.pg_class.relkind = ANY (ARRAY[%(param_1)s, %(param_2)s, %(param_3)s, %(param_4)s, %(param_5)s]) AND pg_catalog.pg_table_is_visible(pg_catalog.pg_class.oid) AND pg_catalog.pg_namespace.nspname != %(nspname_1)s
2025-09-04 07:57:42,259 [INFO] sqlalchemy.engine.Engine:1846 - _execute_context(): [generated in 0.00024s] {'table_name': 'users', 'param_1': 'r', 'param_2': 'p', 'param_3': 'f', 'param_4': 'v', 'param_5': 'm', 'nspname_1': 'pg_catalog'}
2025-09-04 07:57:42,869 [INFO] sqlalchemy.engine.Engine:1846 - _execute_context(): SELECT pg_catalog.pg_class.relname 
FROM pg_catalog.pg_class JOIN pg_catalog.pg_namespace ON pg_catalog.pg_namespace.oid = pg_catalog.pg_class.relnamespace 
WHERE pg_catalog.pg_class.relname = %(table_name)s AND pg_catalog.pg_class.relkind = ANY (ARRAY[%(param_1)s, %(param_2)s, %(param_3)s, %(param_4)s, %(param_5)s]) AND pg_catalog.pg_table_is_visible(pg_catalog.pg_class.oid) AND pg_catalog.pg_namespace.nspname != %(nspname_1)s
2025-09-04 07:57:42,869 [INFO] sqlalchemy.engine.Engine:1846 - _execute_context(): [cached since 0.6102s ago] {'table_name': 'courses', 'param_1': 'r', 'param_2': 'p', 'param_3': 'f', 'param_4': 'v', 'param_5': 'm', 'nspname_1': 'pg_catalog'}
2025-09-04 07:57:43,126 [INFO] sqlalchemy.engine.Engine:1846 - _execute_context(): SELECT pg_catalog.pg_class.relname 
FROM pg_catalog.pg_class JOIN pg_catalog.pg_namespace ON pg_catalog.pg_namespace.oid = pg_catalog.pg_class.relnamespace 
WHERE pg_catalog.pg_class.relname = %(table_name)s AND pg_catalog.pg_class.relkind = ANY (ARRAY[%(param_1)s, %(param_2)s, %(param_3)s, %(param_4)s, %(param_5)s]) AND pg_catalog.pg_table_is_visible(pg_catalog.pg_class.oid) AND pg_catalog.pg_namespace.nspname != %(nspname_1)s
2025-09-04 07:57:43,126 [INFO] sqlalchemy.engine.Engine:1846 - _execute_context(): [cached since 0.868s ago] {'table_name': 'course_enrollments', 'param_1': 'r', 'param_2': 'p', 'param_3': 'f', 'param_4': 'v', 'param_5': 'm', 'nspname_1': 'pg_catalog'}
2025-09-04 07:57:43,483 [INFO] sqlalchemy.engine.Engine:1846 - _execute_context(): SELECT pg_catalog.pg_class.relname 
FROM pg_catalog.pg_class JOIN pg_catalog.pg_namespace ON pg_catalog.pg_namespace.oid = pg_catalog.pg_class.relnamespace 
WHERE pg_catalog.pg_class.relname = %(table_name)s AND pg_catalog.pg_class.relkind = ANY (ARRAY[%(param_1)s, %(param_2)s, %(param_3)s, %(param_4)s, %(param_5)s]) AND pg_catalog.pg_table_is_visible(pg_catalog.pg_class.oid) AND pg_catalog.pg_namespace.nspname != %(nspname_1)s
2025-09-04 07:57:43,484 [INFO] sqlalchemy.engine.Engine:1846 - _execute_context(): [cached since 1.225s ago] {'table_name': 'documents', 'param_1': 'r', 'param_2': 'p', 'param_3': 'f', 'param_4': 'v', 'param_5': 'm', 'nspname_1': 'pg_catalog'}
2025-09-04 07:57:43,738 [INFO] sqlalchemy.engine.Engine:1846 - _execute_context(): SELECT pg_catalog.pg_class.relname 
FROM pg_catalog.pg_class JOIN pg_catalog.pg_namespace ON pg_catalog.pg_namespace.oid = pg_catalog.pg_class.relnamespace 
WHERE pg_catalog.pg_class.relname = %(table_name)s AND pg_catalog.pg_class.relkind = ANY (ARRAY[%(param_1)s, %(param_2)s, %(param_3)s, %(param_4)s, %(param_5)s]) AND pg_catalog.pg_table_is_visible(pg_catalog.pg_class.oid) AND pg_catalog.pg_namespace.nspname != %(nspname_1)s
2025-09-04 07:57:43,738 [INFO] sqlalchemy.engine.Engine:1846 - _execute_context(): [cached since 1.48s ago] {'table_name': 'document_embeddings', 'param_1': 'r', 'param_2': 'p', 'param_3': 'f', 'param_4': 'v', 'param_5': 'm', 'nspname_1': 'pg_catalog'}
2025-09-04 07:57:44,097 [INFO] sqlalchemy.engine.Engine:1846 - _execute_context(): SELECT pg_catalog.pg_class.relname 
FROM pg_catalog.pg_class JOIN pg_catalog.pg_namespace ON pg_catalog.pg_namespace.oid = pg_catalog.pg_class.relnamespace 
WHERE pg_catalog.pg_class.relname = %(table_name)s AND pg_catalog.pg_class.relkind = ANY (ARRAY[%(param_1)s, %(param_2)s, %(param_3)s, %(param_4)s, %(param_5)s]) AND pg_catalog.pg_table_is_visible(pg_catalog.pg_class.oid) AND pg_catalog.pg_namespace.nspname != %(nspname_1)s
2025-09-04 07:57:44,097 [INFO] sqlalchemy.engine.Engine:1846 - _execute_context(): [cached since 1.839s ago] {'table_name': 'user_interactions', 'param_1': 'r', 'param_2': 'p', 'param_3': 'f', 'param_4': 'v', 'param_5': 'm', 'nspname_1': 'pg_catalog'}
2025-09-04 07:57:44,353 [INFO] sqlalchemy.engine.Engine:1846 - _execute_context(): SELECT pg_catalog.pg_class.relname 
FROM pg_catalog.pg_class JOIN pg_catalog.pg_namespace ON pg_catalog.pg_namespace.oid = pg_catalog.pg_class.relnamespace 
WHERE pg_catalog.pg_class.relname = %(table_name)s AND pg_catalog.pg_class.relkind = ANY (ARRAY[%(param_1)s, %(param_2)s, %(param_3)s, %(param_4)s, %(param_5)s]) AND pg_catalog.pg_table_is_visible(pg_catalog.pg_class.oid) AND pg_catalog.pg_namespace.nspname != %(nspname_1)s
2025-09-04 07:57:44,354 [INFO] sqlalchemy.engine.Engine:1846 - _execute_context(): [cached since 2.095s ago] {'table_name': 'system_logs', 'param_1': 'r', 'param_2': 'p', 'param_3': 'f', 'param_4': 'v', 'param_5': 'm', 'nspname_1': 'pg_catalog'}
2025-09-04 07:57:44,701 [INFO] sqlalchemy.engine.Engine:1846 - _execute_context(): SELECT pg_catalog.pg_class.relname 
FROM pg_catalog.pg_class JOIN pg_catalog.pg_namespace ON pg_catalog.pg_namespace.oid = pg_catalog.pg_class.relnamespace 
WHERE pg_catalog.pg_class.relname = %(table_name)s AND pg_catalog.pg_class.relkind = ANY (ARRAY[%(param_1)s, %(param_2)s, %(param_3)s, %(param_4)s, %(param_5)s]) AND pg_catalog.pg_table_is_visible(pg_catalog.pg_class.oid) AND pg_catalog.pg_namespace.nspname != %(nspname_1)s
2025-09-04 07:57:44,701 [INFO] sqlalchemy.engine.Engine:1846 - _execute_context(): [cached since 2.442s ago] {'table_name': 'personalization_profiles', 'param_1': 'r', 'param_2': 'p', 'param_3': 'f', 'param_4': 'v', 'param_5': 'm', 'nspname_1': 'pg_catalog'}
2025-09-04 07:57:45,027 [INFO] sqlalchemy.engine.Engine:2708 - _connection_commit_impl(): COMMIT
2025-09-04 07:57:45,281 [INFO] config.database:54 - create_tables(): Database tables created successfully
2025-09-04 07:57:45,282 [INFO] root:18 - initialize_database(): Database initialized successfully
2025-09-04 07:57:46,142 [INFO] bot.handlers:35 - _setup_application(): Telegram bot application initialized
2025-09-04 07:57:46,142 [INFO] __main__:42 - main(): Bot initialized successfully
2025-09-04 07:57:46,143 [INFO] bot.handlers:549 - run(): Starting Study Helper Agent bot...
2025-09-04 07:57:49,682 [INFO] telegram.ext.Application:633 - start(): Application started
2025-09-04 07:58:15,870 [INFO] telegram.ext.Application:667 - stop(): Application is stopping. This might take a moment.
2025-09-04 07:58:15,870 [INFO] telegram.ext.Application:703 - stop(): Application.stop() complete
2025-09-04 07:58:15,871 [INFO] __main__:53 - main(): Study Helper Agent stopped
2025-09-04 07:58:24,458 [INFO] utils.logger:84 - setup_logging(): Logging system initialized
2025-09-04 07:58:24,459 [INFO] __main__:30 - main(): Starting Study Helper Agent...
2025-09-04 07:58:24,459 [INFO] __main__:31 - main(): Environment: development
2025-09-04 07:58:24,460 [INFO] __main__:32 - main(): Debug mode: True
2025-09-04 07:58:27,006 [INFO] sqlalchemy.engine.Engine:1846 - _execute_context(): select pg_catalog.version()
2025-09-04 07:58:27,006 [INFO] sqlalchemy.engine.Engine:1846 - _execute_context(): [raw sql] {}
2025-09-04 07:58:27,513 [INFO] sqlalchemy.engine.Engine:1846 - _execute_context(): select current_schema()
2025-09-04 07:58:27,513 [INFO] sqlalchemy.engine.Engine:1846 - _execute_context(): [raw sql] {}
2025-09-04 07:58:28,018 [INFO] sqlalchemy.engine.Engine:1846 - _execute_context(): show standard_conforming_strings
2025-09-04 07:58:28,019 [INFO] sqlalchemy.engine.Engine:1846 - _execute_context(): [raw sql] {}
2025-09-04 07:58:28,596 [INFO] sqlalchemy.engine.Engine:2702 - _connection_begin_impl(): BEGIN (implicit)
2025-09-04 07:58:28,603 [INFO] sqlalchemy.engine.Engine:1846 - _execute_context(): SELECT pg_catalog.pg_class.relname 
FROM pg_catalog.pg_class JOIN pg_catalog.pg_namespace ON pg_catalog.pg_namespace.oid = pg_catalog.pg_class.relnamespace 
WHERE pg_catalog.pg_class.relname = %(table_name)s AND pg_catalog.pg_class.relkind = ANY (ARRAY[%(param_1)s, %(param_2)s, %(param_3)s, %(param_4)s, %(param_5)s]) AND pg_catalog.pg_table_is_visible(pg_catalog.pg_class.oid) AND pg_catalog.pg_namespace.nspname != %(nspname_1)s
2025-09-04 07:58:28,603 [INFO] sqlalchemy.engine.Engine:1846 - _execute_context(): [generated in 0.00046s] {'table_name': 'users', 'param_1': 'r', 'param_2': 'p', 'param_3': 'f', 'param_4': 'v', 'param_5': 'm', 'nspname_1': 'pg_catalog'}
2025-09-04 07:58:29,110 [INFO] sqlalchemy.engine.Engine:1846 - _execute_context(): SELECT pg_catalog.pg_class.relname 
FROM pg_catalog.pg_class JOIN pg_catalog.pg_namespace ON pg_catalog.pg_namespace.oid = pg_catalog.pg_class.relnamespace 
WHERE pg_catalog.pg_class.relname = %(table_name)s AND pg_catalog.pg_class.relkind = ANY (ARRAY[%(param_1)s, %(param_2)s, %(param_3)s, %(param_4)s, %(param_5)s]) AND pg_catalog.pg_table_is_visible(pg_catalog.pg_class.oid) AND pg_catalog.pg_namespace.nspname != %(nspname_1)s
2025-09-04 07:58:29,110 [INFO] sqlalchemy.engine.Engine:1846 - _execute_context(): [cached since 0.5079s ago] {'table_name': 'courses', 'param_1': 'r', 'param_2': 'p', 'param_3': 'f', 'param_4': 'v', 'param_5': 'm', 'nspname_1': 'pg_catalog'}
2025-09-04 07:58:29,460 [INFO] sqlalchemy.engine.Engine:1846 - _execute_context(): SELECT pg_catalog.pg_class.relname 
FROM pg_catalog.pg_class JOIN pg_catalog.pg_namespace ON pg_catalog.pg_namespace.oid = pg_catalog.pg_class.relnamespace 
WHERE pg_catalog.pg_class.relname = %(table_name)s AND pg_catalog.pg_class.relkind = ANY (ARRAY[%(param_1)s, %(param_2)s, %(param_3)s, %(param_4)s, %(param_5)s]) AND pg_catalog.pg_table_is_visible(pg_catalog.pg_class.oid) AND pg_catalog.pg_namespace.nspname != %(nspname_1)s
2025-09-04 07:58:29,460 [INFO] sqlalchemy.engine.Engine:1846 - _execute_context(): [cached since 0.8577s ago] {'table_name': 'course_enrollments', 'param_1': 'r', 'param_2': 'p', 'param_3': 'f', 'param_4': 'v', 'param_5': 'm', 'nspname_1': 'pg_catalog'}
2025-09-04 07:58:29,714 [INFO] sqlalchemy.engine.Engine:1846 - _execute_context(): SELECT pg_catalog.pg_class.relname 
FROM pg_catalog.pg_class JOIN pg_catalog.pg_namespace ON pg_catalog.pg_namespace.oid = pg_catalog.pg_class.relnamespace 
WHERE pg_catalog.pg_class.relname = %(table_name)s AND pg_catalog.pg_class.relkind = ANY (ARRAY[%(param_1)s, %(param_2)s, %(param_3)s, %(param_4)s, %(param_5)s]) AND pg_catalog.pg_table_is_visible(pg_catalog.pg_class.oid) AND pg_catalog.pg_namespace.nspname != %(nspname_1)s
2025-09-04 07:58:29,714 [INFO] sqlalchemy.engine.Engine:1846 - _execute_context(): [cached since 1.112s ago] {'table_name': 'documents', 'param_1': 'r', 'param_2': 'p', 'param_3': 'f', 'param_4': 'v', 'param_5': 'm', 'nspname_1': 'pg_catalog'}
2025-09-04 07:58:29,970 [INFO] sqlalchemy.engine.Engine:1846 - _execute_context(): SELECT pg_catalog.pg_class.relname 
FROM pg_catalog.pg_class JOIN pg_catalog.pg_namespace ON pg_catalog.pg_namespace.oid = pg_catalog.pg_class.relnamespace 
WHERE pg_catalog.pg_class.relname = %(table_name)s AND pg_catalog.pg_class.relkind = ANY (ARRAY[%(param_1)s, %(param_2)s, %(param_3)s, %(param_4)s, %(param_5)s]) AND pg_catalog.pg_table_is_visible(pg_catalog.pg_class.oid) AND pg_catalog.pg_namespace.nspname != %(nspname_1)s
2025-09-04 07:58:29,970 [INFO] sqlalchemy.engine.Engine:1846 - _execute_context(): [cached since 1.368s ago] {'table_name': 'document_embeddings', 'param_1': 'r', 'param_2': 'p', 'param_3': 'f', 'param_4': 'v', 'param_5': 'm', 'nspname_1': 'pg_catalog'}
2025-09-04 07:58:30,223 [INFO] sqlalchemy.engine.Engine:1846 - _execute_context(): SELECT pg_catalog.pg_class.relname 
FROM pg_catalog.pg_class JOIN pg_catalog.pg_namespace ON pg_catalog.pg_namespace.oid = pg_catalog.pg_class.relnamespace 
WHERE pg_catalog.pg_class.relname = %(table_name)s AND pg_catalog.pg_class.relkind = ANY (ARRAY[%(param_1)s, %(param_2)s, %(param_3)s, %(param_4)s, %(param_5)s]) AND pg_catalog.pg_table_is_visible(pg_catalog.pg_class.oid) AND pg_catalog.pg_namespace.nspname != %(nspname_1)s
2025-09-04 07:58:30,223 [INFO] sqlalchemy.engine.Engine:1846 - _execute_context(): [cached since 1.621s ago] {'table_name': 'user_interactions', 'param_1': 'r', 'param_2': 'p', 'param_3': 'f', 'param_4': 'v', 'param_5': 'm', 'nspname_1': 'pg_catalog'}
2025-09-04 07:58:30,476 [INFO] sqlalchemy.engine.Engine:1846 - _execute_context(): SELECT pg_catalog.pg_class.relname 
FROM pg_catalog.pg_class JOIN pg_catalog.pg_namespace ON pg_catalog.pg_namespace.oid = pg_catalog.pg_class.relnamespace 
WHERE pg_catalog.pg_class.relname = %(table_name)s AND pg_catalog.pg_class.relkind = ANY (ARRAY[%(param_1)s, %(param_2)s, %(param_3)s, %(param_4)s, %(param_5)s]) AND pg_catalog.pg_table_is_visible(pg_catalog.pg_class.oid) AND pg_catalog.pg_namespace.nspname != %(nspname_1)s
2025-09-04 07:58:30,476 [INFO] sqlalchemy.engine.Engine:1846 - _execute_context(): [cached since 1.874s ago] {'table_name': 'system_logs', 'param_1': 'r', 'param_2': 'p', 'param_3': 'f', 'param_4': 'v', 'param_5': 'm', 'nspname_1': 'pg_catalog'}
2025-09-04 07:58:30,793 [INFO] sqlalchemy.engine.Engine:1846 - _execute_context(): SELECT pg_catalog.pg_class.relname 
FROM pg_catalog.pg_class JOIN pg_catalog.pg_namespace ON pg_catalog.pg_namespace.oid = pg_catalog.pg_class.relnamespace 
WHERE pg_catalog.pg_class.relname = %(table_name)s AND pg_catalog.pg_class.relkind = ANY (ARRAY[%(param_1)s, %(param_2)s, %(param_3)s, %(param_4)s, %(param_5)s]) AND pg_catalog.pg_table_is_visible(pg_catalog.pg_class.oid) AND pg_catalog.pg_namespace.nspname != %(nspname_1)s
2025-09-04 07:58:30,793 [INFO] sqlalchemy.engine.Engine:1846 - _execute_context(): [cached since 2.19s ago] {'table_name': 'personalization_profiles', 'param_1': 'r', 'param_2': 'p', 'param_3': 'f', 'param_4': 'v', 'param_5': 'm', 'nspname_1': 'pg_catalog'}
2025-09-04 07:58:31,046 [INFO] sqlalchemy.engine.Engine:2708 - _connection_commit_impl(): COMMIT
2025-09-04 07:58:31,301 [INFO] config.database:54 - create_tables(): Database tables created successfully
2025-09-04 07:58:31,302 [INFO] root:18 - initialize_database(): Database initialized successfully
2025-09-04 07:58:31,842 [INFO] bot.handlers:35 - _setup_application(): Telegram bot application initialized
2025-09-04 07:58:31,842 [INFO] __main__:42 - main(): Bot initialized successfully
2025-09-04 07:58:31,842 [INFO] bot.handlers:549 - run(): Starting Study Helper Agent bot...
2025-09-04 07:58:32,742 [INFO] telegram.ext.Application:633 - start(): Application started
2025-09-04 07:59:54,983 [INFO] sqlalchemy.engine.Engine:2702 - _connection_begin_impl(): BEGIN (implicit)
2025-09-04 07:59:54,994 [INFO] sqlalchemy.engine.Engine:1846 - _execute_context(): SELECT users.id AS users_id, users.telegram_id AS users_telegram_id, users.username AS users_username, users.first_name AS users_first_name, users.last_name AS users_last_name, users.email AS users_email, users.learning_style AS users_learning_style, users.difficulty_preference AS users_difficulty_preference, users.interaction_frequency AS users_interaction_frequency, users.created_at AS users_created_at, users.updated_at AS users_updated_at, users.is_active AS users_is_active 
FROM users 
WHERE users.telegram_id = %(telegram_id_1)s 
 LIMIT %(param_1)s
2025-09-04 07:59:54,994 [INFO] sqlalchemy.engine.Engine:1846 - _execute_context(): [generated in 0.00046s] {'telegram_id_1': '7406214715', 'param_1': 1}
2025-09-04 07:59:55,554 [INFO] sqlalchemy.engine.Engine:1846 - _execute_context(): INSERT INTO users (telegram_id, username, first_name, last_name, email, learning_style, difficulty_preference, interaction_frequency, updated_at, is_active) VALUES (%(telegram_id)s, %(username)s, %(first_name)s, %(last_name)s, %(email)s, %(learning_style)s, %(difficulty_preference)s, %(interaction_frequency)s, %(updated_at)s, %(is_active)s) RETURNING users.id, users.created_at
2025-09-04 07:59:55,554 [INFO] sqlalchemy.engine.Engine:1846 - _execute_context(): [generated in 0.00023s] {'telegram_id': '7406214715', 'username': None, 'first_name': 'Master', 'last_name': 'Zarathustra', 'email': None, 'learning_style': 'adaptive', 'difficulty_preference': 'medium', 'interaction_frequency': 0.0, 'updated_at': None, 'is_active': True}
2025-09-04 07:59:55,833 [INFO] sqlalchemy.engine.Engine:1846 - _execute_context(): INSERT INTO personalization_profiles (user_id, avg_session_duration, preferred_response_length, question_complexity_level, learning_pace, total_interactions, successful_interactions, last_interaction, last_model_update, updated_at) VALUES (%(user_id)s, %(avg_session_duration)s, %(preferred_response_length)s, %(question_complexity_level)s, %(learning_pace)s, %(total_interactions)s, %(successful_interactions)s, %(last_interaction)s, %(last_model_update)s, %(updated_at)s) RETURNING personalization_profiles.id, personalization_profiles.created_at
2025-09-04 07:59:55,833 [INFO] sqlalchemy.engine.Engine:1846 - _execute_context(): [generated in 0.00023s] {'user_id': 1, 'avg_session_duration': 0.0, 'preferred_response_length': 'medium', 'question_complexity_level': 0.5, 'learning_pace': 'medium', 'total_interactions': 0, 'successful_interactions': 0, 'last_interaction': None, 'last_model_update': None, 'updated_at': None}
2025-09-04 07:59:56,112 [INFO] sqlalchemy.engine.Engine:2708 - _connection_commit_impl(): COMMIT
2025-09-04 07:59:56,365 [INFO] bot.handlers:512 - _get_or_create_user(): Created new user: Master (7406214715)
2025-09-04 07:59:56,710 [INFO] sqlalchemy.engine.Engine:2702 - _connection_begin_impl(): BEGIN (implicit)
2025-09-04 07:59:56,712 [INFO] sqlalchemy.engine.Engine:1846 - _execute_context(): SELECT users.id AS users_id, users.telegram_id AS users_telegram_id, users.username AS users_username, users.first_name AS users_first_name, users.last_name AS users_last_name, users.email AS users_email, users.learning_style AS users_learning_style, users.difficulty_preference AS users_difficulty_preference, users.interaction_frequency AS users_interaction_frequency, users.created_at AS users_created_at, users.updated_at AS users_updated_at, users.is_active AS users_is_active 
FROM users 
WHERE users.id = %(pk_1)s
2025-09-04 07:59:56,712 [INFO] sqlalchemy.engine.Engine:1846 - _execute_context(): [generated in 0.00026s] {'pk_1': 1}
2025-09-04 07:59:57,868 [INFO] sqlalchemy.engine.Engine:1846 - _execute_context(): SELECT personalization_profiles.id AS personalization_profiles_id, personalization_profiles.user_id AS personalization_profiles_user_id, personalization_profiles.avg_session_duration AS personalization_profiles_avg_session_duration, personalization_profiles.preferred_response_length AS personalization_profiles_preferred_response_length, personalization_profiles.question_complexity_level AS personalization_profiles_question_complexity_level, personalization_profiles.most_active_hours AS personalization_profiles_most_active_hours, personalization_profiles.preferred_subjects AS personalization_profiles_preferred_subjects, personalization_profiles.learning_pace AS personalization_profiles_learning_pace, personalization_profiles.total_interactions AS personalization_profiles_total_interactions, personalization_profiles.successful_interactions AS personalization_profiles_successful_interactions, personalization_profiles.last_interaction AS personalization_profiles_last_interaction, personalization_profiles.feature_vector AS personalization_profiles_feature_vector, personalization_profiles.last_model_update AS personalization_profiles_last_model_update, personalization_profiles.created_at AS personalization_profiles_created_at, personalization_profiles.updated_at AS personalization_profiles_updated_at 
FROM personalization_profiles 
WHERE personalization_profiles.user_id = %(user_id_1)s 
 LIMIT %(param_1)s
2025-09-04 07:59:57,868 [INFO] sqlalchemy.engine.Engine:1846 - _execute_context(): [generated in 0.00043s] {'user_id_1': 1, 'param_1': 1}
2025-09-04 07:59:58,125 [INFO] sqlalchemy.engine.Engine:1846 - _execute_context(): UPDATE personalization_profiles SET total_interactions=%(total_interactions)s, last_interaction=%(last_interaction)s, updated_at=now() WHERE personalization_profiles.id = %(personalization_profiles_id)s
2025-09-04 07:59:58,125 [INFO] sqlalchemy.engine.Engine:1846 - _execute_context(): [generated in 0.00018s] {'total_interactions': 1, 'last_interaction': datetime.datetime(2025, 9, 4, 7, 59, 58, 123986), 'personalization_profiles_id': 1}
2025-09-04 07:59:58,483 [INFO] sqlalchemy.engine.Engine:1846 - _execute_context(): INSERT INTO user_interactions (user_id, query_text, response_text, interaction_type, course_context, user_rating, was_helpful, response_time_ms, tokens_used) VALUES (%(user_id)s, %(query_text)s, %(response_text)s, %(interaction_type)s, %(course_context)s, %(user_rating)s, %(was_helpful)s, %(response_time_ms)s, %(tokens_used)s) RETURNING user_interactions.id, user_interactions.created_at
2025-09-04 07:59:59,094 [INFO] sqlalchemy.engine.Engine:2708 - _connection_commit_impl(): COMMIT
2025-09-04 08:00:54,009 [ERROR] bot.handlers:330 - handle_callback(): Error in handle_callback: 'NoneType' object has no attribute 'reply_text'
2025-09-04 08:01:55,311 [INFO] sqlalchemy.engine.Engine:2702 - _connection_begin_impl(): BEGIN (implicit)
2025-09-04 08:01:55,312 [INFO] sqlalchemy.engine.Engine:1846 - _execute_context(): SELECT users.id AS users_id, users.telegram_id AS users_telegram_id, users.username AS users_username, users.first_name AS users_first_name, users.last_name AS users_last_name, users.email AS users_email, users.learning_style AS users_learning_style, users.difficulty_preference AS users_difficulty_preference, users.interaction_frequency AS users_interaction_frequency, users.created_at AS users_created_at, users.updated_at AS users_updated_at, users.is_active AS users_is_active 
FROM users 
WHERE users.telegram_id = %(telegram_id_1)s 
 LIMIT %(param_1)s
2025-09-04 08:01:55,313 [INFO] sqlalchemy.engine.Engine:1846 - _execute_context(): [cached since 120.3s ago] {'telegram_id_1': '7406214715', 'param_1': 1}
2025-09-04 08:01:55,854 [INFO] sqlalchemy.engine.Engine:1846 - _execute_context(): SELECT personalization_profiles.id AS personalization_profiles_id, personalization_profiles.user_id AS personalization_profiles_user_id, personalization_profiles.avg_session_duration AS personalization_profiles_avg_session_duration, personalization_profiles.preferred_response_length AS personalization_profiles_preferred_response_length, personalization_profiles.question_complexity_level AS personalization_profiles_question_complexity_level, personalization_profiles.most_active_hours AS personalization_profiles_most_active_hours, personalization_profiles.preferred_subjects AS personalization_profiles_preferred_subjects, personalization_profiles.learning_pace AS personalization_profiles_learning_pace, personalization_profiles.total_interactions AS personalization_profiles_total_interactions, personalization_profiles.successful_interactions AS personalization_profiles_successful_interactions, personalization_profiles.last_interaction AS personalization_profiles_last_interaction, personalization_profiles.feature_vector AS personalization_profiles_feature_vector, personalization_profiles.last_model_update AS personalization_profiles_last_model_update, personalization_profiles.created_at AS personalization_profiles_created_at, personalization_profiles.updated_at AS personalization_profiles_updated_at 
FROM personalization_profiles 
WHERE personalization_profiles.user_id = %(user_id_1)s 
 LIMIT %(param_1)s
2025-09-04 08:01:55,854 [INFO] sqlalchemy.engine.Engine:1846 - _execute_context(): [cached since 118s ago] {'user_id_1': 1, 'param_1': 1}
2025-09-04 08:01:56,214 [INFO] sqlalchemy.engine.Engine:1846 - _execute_context(): SELECT count(*) AS count_1 
FROM (SELECT user_interactions.id AS user_interactions_id, user_interactions.user_id AS user_interactions_user_id, user_interactions.query_text AS user_interactions_query_text, user_interactions.response_text AS user_interactions_response_text, user_interactions.interaction_type AS user_interactions_interaction_type, user_interactions.course_context AS user_interactions_course_context, user_interactions.documents_referenced AS user_interactions_documents_referenced, user_interactions.user_rating AS user_interactions_user_rating, user_interactions.was_helpful AS user_interactions_was_helpful, user_interactions.response_time_ms AS user_interactions_response_time_ms, user_interactions.tokens_used AS user_interactions_tokens_used, user_interactions.created_at AS user_interactions_created_at 
FROM user_interactions 
WHERE user_interactions.user_id = %(user_id_1)s) AS anon_1
2025-09-04 08:01:56,214 [INFO] sqlalchemy.engine.Engine:1846 - _execute_context(): [generated in 0.00043s] {'user_id_1': 1}
2025-09-04 08:01:56,514 [INFO] sqlalchemy.engine.Engine:2705 - _connection_rollback_impl(): ROLLBACK
2025-09-04 08:01:56,764 [ERROR] config.database:72 - get_session(): Database session error: 'NoneType' object has no attribute 'strftime'
2025-09-04 08:01:56,765 [ERROR] bot.handlers:186 - profile_command(): Error in profile_command: 'NoneType' object has no attribute 'strftime'
2025-09-04 08:04:59,400 [INFO] sqlalchemy.engine.Engine:2702 - _connection_begin_impl(): BEGIN (implicit)
2025-09-04 08:04:59,401 [INFO] sqlalchemy.engine.Engine:1846 - _execute_context(): SELECT users.id AS users_id, users.telegram_id AS users_telegram_id, users.username AS users_username, users.first_name AS users_first_name, users.last_name AS users_last_name, users.email AS users_email, users.learning_style AS users_learning_style, users.difficulty_preference AS users_difficulty_preference, users.interaction_frequency AS users_interaction_frequency, users.created_at AS users_created_at, users.updated_at AS users_updated_at, users.is_active AS users_is_active 
FROM users 
WHERE users.telegram_id = %(telegram_id_1)s 
 LIMIT %(param_1)s
2025-09-04 08:04:59,401 [INFO] sqlalchemy.engine.Engine:1846 - _execute_context(): [cached since 304.4s ago] {'telegram_id_1': '7406214715', 'param_1': 1}
2025-09-04 08:05:00,015 [INFO] sqlalchemy.engine.Engine:1846 - _execute_context(): SELECT personalization_profiles.id AS personalization_profiles_id, personalization_profiles.user_id AS personalization_profiles_user_id, personalization_profiles.avg_session_duration AS personalization_profiles_avg_session_duration, personalization_profiles.preferred_response_length AS personalization_profiles_preferred_response_length, personalization_profiles.question_complexity_level AS personalization_profiles_question_complexity_level, personalization_profiles.most_active_hours AS personalization_profiles_most_active_hours, personalization_profiles.preferred_subjects AS personalization_profiles_preferred_subjects, personalization_profiles.learning_pace AS personalization_profiles_learning_pace, personalization_profiles.total_interactions AS personalization_profiles_total_interactions, personalization_profiles.successful_interactions AS personalization_profiles_successful_interactions, personalization_profiles.last_interaction AS personalization_profiles_last_interaction, personalization_profiles.feature_vector AS personalization_profiles_feature_vector, personalization_profiles.last_model_update AS personalization_profiles_last_model_update, personalization_profiles.created_at AS personalization_profiles_created_at, personalization_profiles.updated_at AS personalization_profiles_updated_at 
FROM personalization_profiles 
WHERE personalization_profiles.user_id = %(user_id_1)s 
 LIMIT %(param_1)s
2025-09-04 08:05:00,015 [INFO] sqlalchemy.engine.Engine:1846 - _execute_context(): [cached since 302.1s ago] {'user_id_1': 1, 'param_1': 1}
2025-09-04 08:05:00,334 [INFO] sqlalchemy.engine.Engine:1846 - _execute_context(): SELECT count(*) AS count_1 
FROM (SELECT user_interactions.id AS user_interactions_id, user_interactions.user_id AS user_interactions_user_id, user_interactions.query_text AS user_interactions_query_text, user_interactions.response_text AS user_interactions_response_text, user_interactions.interaction_type AS user_interactions_interaction_type, user_interactions.course_context AS user_interactions_course_context, user_interactions.documents_referenced AS user_interactions_documents_referenced, user_interactions.user_rating AS user_interactions_user_rating, user_interactions.was_helpful AS user_interactions_was_helpful, user_interactions.response_time_ms AS user_interactions_response_time_ms, user_interactions.tokens_used AS user_interactions_tokens_used, user_interactions.created_at AS user_interactions_created_at 
FROM user_interactions 
WHERE user_interactions.user_id = %(user_id_1)s) AS anon_1
2025-09-04 08:05:00,334 [INFO] sqlalchemy.engine.Engine:1846 - _execute_context(): [cached since 184.1s ago] {'user_id_1': 1}
2025-09-04 08:05:00,589 [INFO] sqlalchemy.engine.Engine:2705 - _connection_rollback_impl(): ROLLBACK
2025-09-04 08:05:00,843 [ERROR] config.database:72 - get_session(): Database session error: 'NoneType' object has no attribute 'strftime'
2025-09-04 08:05:00,844 [ERROR] bot.handlers:186 - profile_command(): Error in profile_command: 'NoneType' object has no attribute 'strftime'
2025-09-04 08:07:29,982 [INFO] telegram.ext.Application:667 - stop(): Application is stopping. This might take a moment.
2025-09-04 08:07:29,983 [INFO] telegram.ext.Application:703 - stop(): Application.stop() complete
2025-09-04 08:07:29,984 [INFO] __main__:53 - main(): Study Helper Agent stopped
